// Jest Snapshot v1, https://goo.gl/fbAQLP

exports[`快照测试 1`] = `
<Layout>
  <Content
    className="basic-layout-content login-layout-main"
  >
    <AppRouter
      parentPath="/test"
      routerConfig={Array []}
    />
  </Content>
</Layout>
`;
